global_palette.h
global_palette.c
teapot1.h
teapot1.c
teapot2.h
teapot2.c
teapot3.h
teapot3.c
teapot4.h
teapot4.c
teapot5.h
teapot5.c
teapot6.h
teapot6.c
teapot7.h
teapot7.c
teapot8.h
teapot8.c
teapot9.h
teapot9.c
teapot10.h
teapot10.c
teapot11.h
teapot11.c
teapot12.h
teapot12.c
teapot13.h
teapot13.c
teapot14.h
teapot14.c
teapot15.h
teapot15.c
teapot16.h
teapot16.c
teapot17.h
teapot17.c
teapot18.h
teapot18.c
teapot19.h
teapot19.c
teapot20.h
teapot20.c
teapot21.h
teapot21.c
teapot22.h
teapot22.c
teapot23.h
teapot23.c
teapot24.h
teapot24.c
teapot25.h
teapot25.c
teapot26.h
teapot26.c
teapot27.h
teapot27.c
teapot28.h
teapot28.c
teapot29.h
teapot29.c
teapot30.h
teapot30.c
teapot31.h
teapot31.c
teapot32.h
teapot32.c
teapot33.h
teapot33.c
teapot34.h
teapot34.c
teapot35.h
teapot35.c
teapot36.h
teapot36.c
teapot37.h
teapot37.c
teapot38.h
teapot38.c
teapot39.h
teapot39.c
teapot40.h
teapot40.c
teapot41.h
teapot41.c
teapot42.h
teapot42.c
teapot43.h
teapot43.c
teapot44.h
teapot44.c
teapot45.h
teapot45.c
teapot46.h
teapot46.c
teapot47.h
teapot47.c
teapot48.h
teapot48.c
teapot49.h
teapot49.c
teapot50.h
teapot50.c
teapot51.h
teapot51.c
teapot52.h
teapot52.c
teapot53.h
teapot53.c
teapot54.h
teapot54.c
teapot55.h
teapot55.c
teapot56.h
teapot56.c
teapot57.h
teapot57.c
teapot58.h
teapot58.c
teapot59.h
teapot59.c
teapot60.h
teapot60.c
teapot61.h
teapot61.c
teapot.h
